
Allocating common symbols
Common symbol       size              file

timeval             0x4               main.o

Memory Configuration

Name             Origin             Length             Attributes
ROM              0xfff00000         0x00000800         xr
RAM              0x00000000         0x00002000         xrw
*default*        0x00000000         0xffffffff

Linker script and memory map

LOAD build/storm_startup_code.o
LOAD main.o
LOAD c:/winarm/bin/../lib/gcc/arm-elf/4.1.1/../../../../arm-elf/lib/be\libc.a
LOAD c:/winarm/bin/../lib/gcc/arm-elf/4.1.1/../../../../arm-elf/lib/be\libm.a
LOAD c:/winarm/bin/../lib/gcc/arm-elf/4.1.1/../../../../arm-elf/lib/be\libc.a
LOAD c:/winarm/bin/../lib/gcc/arm-elf/4.1.1/be\libgcc.a
START GROUP
LOAD c:/winarm/bin/../lib/gcc/arm-elf/4.1.1/be\libgcc.a
LOAD c:/winarm/bin/../lib/gcc/arm-elf/4.1.1/../../../../arm-elf/lib/be\libg.a
LOAD c:/winarm/bin/../lib/gcc/arm-elf/4.1.1/../../../../arm-elf/lib/be\libc.a
END GROUP
                0x00001000                STACK_SIZE = 0x1000

.text           0x00000000      0x39c
 *storm_startup_code.o(.text)
 .text          0x00000000      0x130 build/storm_startup_code.o
                0x0000011c                reset
                0x00000000                _boot
                0x00000050                _mainCRTStartup
                0x0000011c                abort
                0x00000050                _start
                0x0000011c                _reset
                0x0000011c                exit
                0x00000050                start
 *(.text)
 .text          0x00000130      0x26c main.o
                0x00000168                spi0_send_byte
                0x00000244                enable_irq
                0x000001b0                uart0_send_byte
                0x00000198                uart0_read_byte
                0x00000294                main
                0x000001cc                i2c0_send_byte
                0x00000264                delay
                0x00000130                timer0_isr
                0x00000254                disable_irq
 *(.rodata)
 *(.rodata*)
 *(.glue_7)
 .glue_7        0x0000039c        0x0 build/storm_startup_code.o
 .glue_7        0x0000039c        0x0 main.o
 *(.glue_7t)
 .glue_7t       0x0000039c        0x0 build/storm_startup_code.o
 .glue_7t       0x0000039c        0x0 main.o
                0x0000039c                . = ALIGN (0x4)
                0x0000039c                _etext = .
                0x0000039c                PROVIDE (etext, .)

.data           0x0000039c        0x0
                0x0000039c                _data = .
 *(.data)
 .data          0x0000039c        0x0 build/storm_startup_code.o
 .data          0x0000039c        0x0 main.o
                0x0000039c                . = ALIGN (0x4)
                0x0000039c                _edata = .
                0x0000039c                PROVIDE (edata, .)

.bss            0x0000039c        0x4
                0x0000039c                __bss_start = .
                0x0000039c                __bss_start__ = .
 *(.bss)
 .bss           0x0000039c        0x0 build/storm_startup_code.o
 .bss           0x0000039c        0x0 main.o
 *(COMMON)
 COMMON         0x0000039c        0x4 main.o
                0x0000039c                timeval
                0x000003a0                . = ALIGN (0x4)
                0x000003a0                . = ALIGN (0x4)
                0x000003a0                __bss_end__ = .
                0x000003a0                PROVIDE (__bss_end, .)

.stack          0x00000400     0x1000
                0x00001400                . = (. + STACK_SIZE)
 *fill*         0x00000400     0x1000 00
                0x00001400                PROVIDE (_stack, .)
                0x00001400                _end = .
                0x00001400                PROVIDE (end, .)

.stab
 *(.stab)

.stabstr
 *(.stabstr)

.stab.excl
 *(.stab.excl)

.stab.exclstr
 *(.stab.exclstr)

.stab.index
 *(.stab.index)

.stab.indexstr
 *(.stab.indexstr)

.comment        0x00000000       0x1b
 *(.comment)
 .comment       0x00000000       0x1b main.o

.debug
 *(.debug)

.line
 *(.line)

.debug_srcinfo
 *(.debug_srcinfo)

.debug_sfnames
 *(.debug_sfnames)

.debug_aranges  0x00000000       0x40
 *(.debug_aranges)
 .debug_aranges
                0x00000000       0x20 build/storm_startup_code.o
 .debug_aranges
                0x00000020       0x20 main.o

.debug_pubnames
                0x00000000       0xad
 *(.debug_pubnames)
 .debug_pubnames
                0x00000000       0xad main.o

.debug_info     0x00000000      0x25e
 *(.debug_info .gnu.linkonce.wi.*)
 .debug_info    0x00000000       0x92 build/storm_startup_code.o
 .debug_info    0x00000092      0x1cc main.o

.debug_abbrev   0x00000000      0x125
 *(.debug_abbrev)
 .debug_abbrev  0x00000000       0x14 build/storm_startup_code.o
 .debug_abbrev  0x00000014      0x111 main.o

.debug_line     0x00000000      0x138
 *(.debug_line)
 .debug_line    0x00000000       0x93 build/storm_startup_code.o
 .debug_line    0x00000093       0xa5 main.o

.debug_frame    0x00000000       0xb8
 *(.debug_frame)
 .debug_frame   0x00000000       0xb8 main.o

.debug_str      0x00000000      0x113
 *(.debug_str)
 .debug_str     0x00000000      0x113 main.o

.debug_loc      0x00000000       0xbb
 *(.debug_loc)
 .debug_loc     0x00000000       0xbb main.o

.debug_macinfo
 *(.debug_macinfo)

.debug_weaknames
 *(.debug_weaknames)

.debug_funcnames
 *(.debug_funcnames)

.debug_typenames
 *(.debug_typenames)

.debug_varnames
 *(.debug_varnames)
OUTPUT(main.elf elf32-bigarm)

Cross Reference Table

Symbol                                            File
__bss_end__                                       build/storm_startup_code.o
__bss_start                                       build/storm_startup_code.o
_boot                                             build/storm_startup_code.o
_data                                             build/storm_startup_code.o
_edata                                            build/storm_startup_code.o
_etext                                            build/storm_startup_code.o
_mainCRTStartup                                   build/storm_startup_code.o
_reset                                            build/storm_startup_code.o
_stack                                            build/storm_startup_code.o
_start                                            build/storm_startup_code.o
abort                                             build/storm_startup_code.o
delay                                             main.o
disable_irq                                       main.o
enable_irq                                        main.o
exit                                              build/storm_startup_code.o
i2c0_send_byte                                    main.o
main                                              main.o
                                                  build/storm_startup_code.o
reset                                             build/storm_startup_code.o
spi0_send_byte                                    main.o
start                                             build/storm_startup_code.o
timer0_isr                                        main.o
timeval                                           main.o
uart0_read_byte                                   main.o
uart0_send_byte                                   main.o
