   1              		.file	"main.c"
   9              	.Ltext0:
  10              		.align	2
  11              		.global	timer0_isr
  13              	timer0_isr:
  14              	.LFB2:
  15              		.file 1 "main.c"
   1:main.c        **** #include "storm_core.h"
   2:main.c        **** #include "storm_soc_de2.h"
   3:main.c        **** 
   4:main.c        **** // +--------------------------+
   5:main.c        **** // | STORM SoC DE2-Board Demo |
   6:main.c        **** // +--------------------------+
   7:main.c        **** 
   8:main.c        **** 
   9:main.c        **** /* ---- IRQ: Timer ISR ---- */
  10:main.c        **** volatile unsigned long timeval;
  11:main.c        **** void __attribute__ ((interrupt("IRQ"))) timer0_isr(void);
  12:main.c        **** void timer0_isr(void)
  13:main.c        **** {
  16              	 Interrupt Service Routine.
  17              		@ args = 0, pretend = 0, frame = 0
  18              		@ frame_needed = 0, uses_anonymous_args = 0
  19              		@ link register save eliminated.
  20              		stmfd	sp!, {r1, r2, r3}
  21 0000 E92D000E 	.LCFI0:
  22              		.loc 1 14 0
  14:main.c        ****   timeval++;
  23              	, .L3
  24 0004 E59F2028 		ldr	r3, [r2, #0]
  25 0008 E5923000 		add	r3, r3, #1
  26 000c E2833001 		str	r3, [r2, #0]
  27 0010 E5823000 		.loc 1 15 0
  15:main.c        ****   SSEG0_DATA = timeval;
  28              	r1, [r2, #0]
  29 0014 E5921000 		mvn	r3, #61440
  30 0018 E3E03A0F 		str	r1, [r3, #-4087]
  31 001c E5031FF7 		.loc 1 16 0
  16:main.c        ****   VICVectAddr = 0;
  32              		r2, #0
  33 0020 E3A02000 		add	r3, r3, #61440
  34 0024 E2833A0F 		.loc 1 13 0
  35              		@ lr needed for prologue
  36              		.loc 1 16 0
  37              		str	r2, [r3, #-4047]
  38 0028 E5032FCF 		.loc 1 17 0
  17:main.c        **** }
  39              	sp!, {r1, r2, r3}
  40 002c E8BD000E 		subs	pc, lr, #4
  41 0030 E25EF004 	.L4:
  42              		.align	2
  43              	.L3:
  44              		.word	timeval
  45 0034 00000000 	.LFE2:
  47              		.align	2
  48              		.global	spi0_send_byte
  50              	spi0_send_byte:
  51              	.LFB3:
  52              		.loc 1 22 0
  18:main.c        **** 
  19:main.c        **** 
  20:main.c        **** /* ---- SPI 0 Transmission ---- */
  21:main.c        **** void spi0_send_byte(int data, int slave_id)
  22:main.c        **** {
  53              	retend = 0, frame = 0
  54              		@ frame_needed = 0, uses_anonymous_args = 0
  55              		@ link register save eliminated.
  56              	.LVL0:
  57              		@ lr needed for prologue
  58              		mvn	ip, #61440
  59 0038 E3E0CA0F 	.L7:
  60              		.loc 1 23 0
  23:main.c        ****   while((SPI0_CONF & (1<<8)) != 0); // spi busy?
  61              	 [ip, #-4047]
  62 003c E51C3FCF 		tst	r3, #256
  63 0040 E3130C01 		bne	.L7
  64 0044 1AFFFFFC 		.loc 1 25 0
  24:main.c        ****   SPI0_DAT0 = data;
  25:main.c        ****   SPI0_SCSR = ~slave_id & 255;
  65              		r2, r1
  66 0048 E1E02001 		and	r2, r2, #255
  67 004c E20220FF 		.loc 1 24 0
  68              		str	r0, [ip, #-4031]
  69 0050 E50C0FBF 		.loc 1 25 0
  70              		str	r2, [ip, #-4039]
  71 0054 E50C2FC7 		.loc 1 26 0
  26:main.c        ****   SPI0_CONF = SPI0_CONF | 256;
  72              	, [ip, #-4047]
  73 0058 E51C3FCF 		orr	r3, r3, #256
  74 005c E3833C01 		str	r3, [ip, #-4047]
  75 0060 E50C3FCF 		.loc 1 27 0
  27:main.c        **** }
  76              		pc, lr
  77 0064 E1A0F00E 	.LFE3:
  79              		.align	2
  80              		.global	uart0_read_byte
  82              	uart0_read_byte:
  83              	.LFB4:
  84              		.loc 1 32 0
  28:main.c        **** 
  29:main.c        **** 
  30:main.c        **** /* ---- UART0 read byte ---- */
  31:main.c        **** int uart0_read_byte(void)
  32:main.c        **** {
  85              	 0, pretend = 0, frame = 0
  86              		@ frame_needed = 0, uses_anonymous_args = 0
  87              		@ link register save eliminated.
  88              		.loc 1 33 0
  33:main.c        ****   if ((UART0_SREG & (1<<1)) != 0) // byte available?
  89              		r2, #61440
  90 0068 E3E02A0F 		ldr	r3, [r2, #-4067]
  91 006c E5123FE3 		tst	r3, #2
  92 0070 E3130002 		mvn	r0, #0
  93 0074 E3E00000 		.loc 1 34 0
  34:main.c        ****     return UART0_DATA;
  94              	e	r0, [r2, #-4071]
  95 0078 15120FE7 		.loc 1 32 0
  96              		@ lr needed for prologue
  97              		.loc 1 37 0
  35:main.c        ****   else
  36:main.c        ****     return -1;
  37:main.c        **** }
  98              		pc, lr
  99 007c E1A0F00E 	.LFE4:
 101              		.align	2
 102              		.global	uart0_send_byte
 104              	uart0_send_byte:
 105              	.LFB5:
 106              		.loc 1 42 0
  38:main.c        **** 
  39:main.c        **** 
  40:main.c        **** /* ---- UART0 write byte ---- */
  41:main.c        **** int uart0_send_byte(char ch)
  42:main.c        **** {
 107              	 0, pretend = 0, frame = 0
 108              		@ frame_needed = 0, uses_anonymous_args = 0
 109              		@ link register save eliminated.
 110              	.LVL1:
 111              		@ lr needed for prologue
 112              		.loc 1 42 0
 113              		and	r0, r0, #255
 114 0080 E20000FF 		mvn	r2, #61440
 115 0084 E3E02A0F 	.L20:
 116              		.loc 1 43 0
  43:main.c        ****   while((UART0_SREG & (1<<0)) == 0); // uart busy?
 117              	r2, #-4067]
 118 0088 E5123FE3 		tst	r3, #1
 119 008c E3130001 		beq	.L20
 120 0090 0AFFFFFC 		.loc 1 45 0
  44:main.c        ****   ch = ch & 255;
  45:main.c        ****   UART0_DATA = ch;
 121              		r0, [r2, #-4071]
 122 0094 E5020FE7 	.LVL2:
 123              		.loc 1 47 0
  46:main.c        ****   return (int)ch;
  47:main.c        **** }
 124              	v	pc, lr
 125 0098 E1A0F00E 	.LFE5:
 127              		.align	2
 128              		.global	i2c0_send_byte
 130              	i2c0_send_byte:
 131              	.LFB6:
 132              		.loc 1 52 0
  48:main.c        **** 
  49:main.c        **** 
  50:main.c        **** /* ---- I2C0 write byte ---- */
  51:main.c        **** int i2c0_send_byte(char adr, int data)
  52:main.c        **** {
 133              	 0, pretend = 0, frame = 0
 134              		@ frame_needed = 0, uses_anonymous_args = 0
 135              		@ link register save eliminated.
 136              	.LVL3:
 137              		.loc 1 53 0
  53:main.c        ****   I2C0_CMD  = (1<<7) | (1<<4); // start condition
 138              	r3, #61440
 139 009c E3E03A0F 		mov	r2, #144
 140 00a0 E3A02090 		str	r2, [r3, #-4015]
 141 00a4 E5032FAF 		.loc 1 52 0
 142              		@ lr needed for prologue
 143              		.loc 1 52 0
 144              		and	r0, r0, #255
 145 00a8 E20000FF 		mov	r2, r3
 146 00ac E1A02003 	.L26:
 147              		.loc 1 54 0
  54:main.c        ****   while((I2C0_STAT & (1<<1)) != 0);  // wait for execution
 148              	r2, #-4015]
 149 00b0 E5123FAF 		tst	r3, #2
 150 00b4 E3130002 		bne	.L26
 151 00b8 1AFFFFFC 		.loc 1 57 0
  55:main.c        **** 
  56:main.c        ****   I2C0_DATA = adr;
  57:main.c        ****   I2C0_CMD  = (1<<4); // write to slave
 152              		r3, #16
 153 00bc E3A03010 		.loc 1 56 0
 154              		str	r0, [r2, #-3987]
 155 00c0 E5020F93 		.loc 1 57 0
 156              		str	r3, [r2, #-4015]
 157 00c4 E5023FAF 		mvn	r2, #61440
 158 00c8 E3E02A0F 	.L28:
 159              		.loc 1 58 0
  58:main.c        ****   while((I2C0_STAT & (1<<7)) != 0); // wait for ack
 160              	 [r2, #-4015]
 161 00cc E5123FAF 		tst	r3, #128
 162 00d0 E3130080 		bne	.L28
 163 00d4 1AFFFFFC 		.loc 1 61 0
  59:main.c        **** 
  60:main.c        ****   I2C0_DATA = data;
  61:main.c        ****   I2C0_CMD  = (1<<4); // write to slave
 164              		r3, #16
 165 00d8 E3A03010 		.loc 1 60 0
 166              		str	r1, [r2, #-3987]
 167 00dc E5021F93 		.loc 1 61 0
 168              		str	r3, [r2, #-4015]
 169 00e0 E5023FAF 		mvn	r2, #61440
 170 00e4 E3E02A0F 	.L30:
 171              		.loc 1 62 0
  62:main.c        ****   while((I2C0_STAT & (1<<7)) != 0); // wait for ack
 172              	 [r2, #-4015]
 173 00e8 E5123FAF 		tst	r3, #128
 174 00ec E3130080 		bne	.L30
 175 00f0 1AFFFFFC 		.loc 1 64 0
  63:main.c        **** 
  64:main.c        ****   I2C0_CMD  = (1<<6); // stop condition
 176              		r3, #64
 177 00f4 E3A03040 		str	r3, [r2, #-4015]
 178 00f8 E5023FAF 		mvn	r2, #61440
 179 00fc E3E02A0F 	.L32:
 180              		.loc 1 65 0
  65:main.c        ****   while((I2C0_STAT & (1<<1)) != 0);  // wait for execution
 181              	r3, [r2, #-4015]
 182 0100 E5123FAF 		tst	r3, #2
 183 0104 E3130002 		bne	.L32
 184 0108 1AFFFFFC 		.loc 1 67 0
  66:main.c        ****   return data;
  67:main.c        **** }
 185              		r0, r1
 186 010c E1A00001 	.LVL4:
 187              		mov	pc, lr
 188 0110 E1A0F00E 	.LFE6:
 190              		.align	2
 191              		.global	enable_irq
 193              	enable_irq:
 194              	.LFB7:
 195              		.loc 1 72 0
  68:main.c        **** 
  69:main.c        **** 
  70:main.c        **** /* ---- Enable IRQ ---- */
  71:main.c        **** void enable_irq(void)
  72:main.c        **** {
 196              	, pretend = 0, frame = 0
 197              		@ frame_needed = 0, uses_anonymous_args = 0
 198              		@ link register save eliminated.
 199              		@ lr needed for prologue
 200              		.loc 1 74 0
  73:main.c        ****   unsigned long _cpsr;
  74:main.c        ****   asm volatile (" mrs  %0, cpsr" : "=r" (_cpsr) : /* no inputs */  );
 201              	  r3, cpsr
 202 0114 E10F3000 	.LVL5:
 203              		.loc 1 76 0
  75:main.c        ****   _cpsr = _cpsr & ~(1<<7);
  76:main.c        ****   asm volatile (" msr  cpsr, %0" : /* no outputs */ : "r" (_cpsr)  );
 204              	c	r3, r3, #128
 205 0118 E3C33080 	.LVL6:
 206              		 msr  cpsr, r3
 207 011c E129F003 		.loc 1 77 0
  77:main.c        **** }
 208              		pc, lr
 209 0120 E1A0F00E 	.LFE7:
 211              		.align	2
 212              		.global	disable_irq
 214              	disable_irq:
 215              	.LFB8:
 216              		.loc 1 82 0
  78:main.c        **** 
  79:main.c        **** 
  80:main.c        **** /* ---- Disable IRQ ---- */
  81:main.c        **** void disable_irq(void)
  82:main.c        **** {
 217              	 0, pretend = 0, frame = 0
 218              		@ frame_needed = 0, uses_anonymous_args = 0
 219              		@ link register save eliminated.
 220              		@ lr needed for prologue
 221              		.loc 1 84 0
  83:main.c        ****   unsigned long _cpsr;
  84:main.c        ****   asm volatile (" mrs  %0, cpsr" : "=r" (_cpsr) : /* no inputs */  );
 222              	  r3, cpsr
 223 0124 E10F3000 	.LVL7:
 224              		.loc 1 86 0
  85:main.c        ****   _cpsr = _cpsr | (1<<7);
  86:main.c        ****   asm volatile (" msr  cpsr, %0" : /* no outputs */ : "r" (_cpsr)  );
 225              	r	r3, r3, #128
 226 0128 E3833080 	.LVL8:
 227              		 msr  cpsr, r3
 228 012c E129F003 		.loc 1 87 0
  87:main.c        **** }
 229              		pc, lr
 230 0130 E1A0F00E 	.LFE8:
 232              		.align	2
 233              		.global	delay
 235              	delay:
 236              	.LFB9:
 237              		.loc 1 92 0
  88:main.c        **** 
  89:main.c        **** 
  90:main.c        **** /* ---- Delay function ---- */
  91:main.c        **** void delay(int delay)
  92:main.c        **** {
 238              	 0, pretend = 0, frame = 0
 239              		@ frame_needed = 0, uses_anonymous_args = 0
 240              		@ link register save eliminated.
 241              	.LVL9:
 242              		.loc 1 94 0
  93:main.c        ****   int i;
  94:main.c        ****   for(i=0; i<delay*10000; i++)
 243              	r3, r0, r0, asl #5
 244 0134 E0603280 		add	r0, r0, r3, asl #2
 245 0138 E0800103 	.LVL10:
 246              		add	r0, r0, r0, asl #2
 247 013c E0800100 		mov	r0, r0, asl #4
 248 0140 E1A00200 		cmp	r0, #0
 249 0144 E3500000 		.loc 1 92 0
 250              		@ lr needed for prologue
 251              		.loc 1 94 0
 252              		movle	pc, lr
 253 0148 D1A0F00E 		mov	r3, #0
 254 014c E3A03000 	.LVL11:
 255              	.L50:
 256              		.loc 1 95 0
  95:main.c        ****     asm volatile ("NOP");
 257              	4 0
 258 0150 E1A00000 		add	r3, r3, #1
 259              		cmp	r3, r0
 260 0154 E2833001 		bne	.L50
 261 0158 E1530000 		mov	pc, lr
 262 015c 1AFFFFFB 	.LFE9:
 264              		.align	2
 265              		.global	main
 267              	main:
 268              	.LFB10:
 269              		.loc 1 101 0
 270              		@ args = 0, pretend = 0, frame = 0
  96:main.c        **** }
  97:main.c        **** 
  98:main.c        **** 
  99:main.c        **** /* ---- Main function ---- */
 100:main.c        **** int main(void)
 101:main.c        **** {
 271              	d = 0, uses_anonymous_args = 0
 272              		.loc 1 111 0
 273              		mov	r2, #1536
 102:main.c        ****   int led_timer;
 103:main.c        ****   int data;
 104:main.c        **** 
 105:main.c        ****   // display clear
 106:main.c        ****   SSEG1_DATA = 0;
 107:main.c        ****   SSEG0_DATA = 0;
 108:main.c        **** 
 109:main.c        ****   // SPI 0 init
 110:main.c        ****   led_timer  = 0;
 111:main.c        ****   SPI0_CONF  = (1<<10) | (1<<9) | 8;
 274              	oc 1 101 0
 275 0164 E3A02C06 		stmfd	sp!, {r4, r5, r6, lr}
 276              	.LCFI1:
 277 0168 E92D4070 		.loc 1 111 0
 278              		add	r2, r2, #8
 279              		.loc 1 106 0
 280 016c E2822008 		mvn	r4, #61440
 281              		mov	r5, #0
 282 0170 E3E04A0F 		.loc 1 112 0
 283 0174 E3A05000 		mov	r3, #500
 112:main.c        ****   SPI0_PRSC  = 500; // 100kHz
 284              	6 0
 285 0178 E3A03F7D 		str	r5, [r4, #-4079]
 286              		.loc 1 113 0
 287 017c E5045FEF 		mov	r1, #255
 113:main.c        ****   spi0_send_byte(0, 255);
 288              	c 1 107 0
 289 0180 E3A010FF 		str	r5, [r4, #-4087]
 290              		.loc 1 113 0
 291 0184 E5045FF7 		mov	r0, r5
 292              		.loc 1 111 0
 293 0188 E1A00005 		str	r2, [r4, #-4047]
 294              		.loc 1 112 0
 295 018c E5042FCF 		str	r3, [r4, #-4043]
 296              		.loc 1 113 0
 297 0190 E5043FCB 		bl	spi0_send_byte
 298              		.loc 1 114 0
 299 0194 EBFFFFFE 		mov	r0, r5
 114:main.c        ****   spi0_send_byte(0, 255);
 300              	5
 301 0198 E1A00005 		bl	spi0_send_byte
 302 019c E3A010FF 		.loc 1 117 0
 303 01a0 EBFFFFFE 		mov	r3, #99
 115:main.c        **** 
 116:main.c        ****   // I²C 0 init
 117:main.c        ****   I2C0_PRLO  = 99; // for 100kHz
 304              	c 1 122 0
 305 01a4 E3A03063 		ldr	r2, .L60
 118:main.c        ****   I2C0_PRHI  = 0;
 119:main.c        ****   I2C0_CTRL  = (1<<7); // i2c enable
 120:main.c        **** 
 121:main.c        ****   // timer init
 122:main.c        ****   timeval    = 0;
 306              	loc 1 117 0
 307 01a8 E59F20B4 		str	r3, [r4, #-3999]
 308              		.loc 1 124 0
 309 01ac E5043F9F 		mov	r1, #49807360
 123:main.c        ****   STME0_CNT  = 0;
 124:main.c        ****   STME0_VAL  = 50000000; // threshold value for 1s ticks
 310              	c 1 119 0
 311 01b0 E3A017BE 		add	r3, r3, #29
 312              		.loc 1 118 0
 313 01b4 E283301D 		str	r5, [r4, #-3995]
 314              		.loc 1 124 0
 315 01b8 E5045F9B 		add	r1, r1, #192512
 316              		.loc 1 119 0
 317 01bc E2811A2F 		str	r3, [r4, #-3991]
 318              		.loc 1 122 0
 319 01c0 E5043F97 		str	r5, [r2, #0]
 320              		.loc 1 126 0
 321 01c4 E5825000 		ldr	r2, .L60+4
 125:main.c        ****   STME0_CONF = (1<<2) | (1<<1) | (1<<0); // interrupt en, auto reset, timer enable
 126:main.c        ****   VICVectAddr0 = (unsigned long)timer0_isr;
 322              		.loc 1 124 0
 323 01c8 E59F2098 		add	r1, r1, #128
 324 01cc E3E00000 		.loc 1 125 0
 325              		sub	r3, r3, #121
 326 01d0 E2811080 		.loc 1 123 0
 327              		str	r5, [r4, #-4063]
 328 01d4 E2433079 		.loc 1 124 0
 329              		str	r1, [r4, #-4059]
 330 01d8 E5045FDF 		.loc 1 125 0
 331              		str	r3, [r4, #-4055]
 332 01dc E5041FDB 		.loc 1 126 0
 333              		str	r2, [r0, #-4031]
 334 01e0 E5043FD7 		.loc 1 127 0
 335              		add	r3, r3, #25
 336 01e4 E5002FBF 		.loc 1 128 0
 127:main.c        ****   VICVectCntl0 = (1<<5) | 0; // enable and channel select = 0 (timer0)
 337              	oc 1 127 0
 338 01e8 E2833019 		str	r3, [r0, #-3967]
 128:main.c        ****   VICIntEnable = (1<<0); // enable channel 0 (timer0)
 339              	loc 1 128 0
 340 01ec E3A02001 		str	r2, [r0, #-4079]
 341              		.loc 1 132 0
 342 01f0 E5003F7F 		bl	enable_irq
 343              		mov	r6, r5
 344 01f4 E5002FEF 	.LVL12:
 129:main.c        ****   
 130:main.c        ****   //i2c0_send_byte(56, 0xCC);
 131:main.c        **** 
 132:main.c        ****   enable_irq();
 345              	4
 346 01f8 EBFFFFFE 	.LVL13:
 347 01fc E1A06005 	.L57:
 348              		.loc 1 152 0
 349 0200 EA000001 		mov	r3, r6, asr #16
 350              		str	r3, [r5, #-4095]
 351              	.L54:
 133:main.c        **** 
 134:main.c        ****   while(1)
 135:main.c        ****   {
 136:main.c        ****     //disable_irq();
 137:main.c        ****     data = uart0_read_byte();
 138:main.c        ****     if(data > -1)
 139:main.c        ****     {
 140:main.c        ****       spi0_send_byte(data, 255);
 141:main.c        ****       uart0_send_byte(data);
 142:main.c        ****     }
 143:main.c        ****     if((PS2_STAT & (1<<1)) != 0) // char available?
 144:main.c        ****     {
 145:main.c        **** 	  PS2_STAT = 0; // ack
 146:main.c        **** 	  data = PS2_DATA;
 147:main.c        ****       spi0_send_byte(data, 255);
 148:main.c        ****       uart0_send_byte(data);
 149:main.c        ****     }
 150:main.c        ****     //enable_irq();
 151:main.c        **** 	led_timer++;
 152:main.c        **** 	GPIO0_OUT = led_timer >> 16;
 352              	 137 0
 353 0204 E1A03846 		bl	uart0_read_byte
 354 0208 E5053FFF 		.loc 1 138 0
 355              		subs	r4, r0, #0
 356              		.loc 1 143 0
 357 020c EBFFFFFE 		mvn	r5, #61440
 358              		.loc 1 151 0
 359 0210 E2504000 		add	r6, r6, #1
 360              		.loc 1 140 0
 361 0214 E3E05A0F 		mov	r1, #255
 362              		.loc 1 138 0
 363 0218 E2866001 		blt	.L55
 364              		.loc 1 140 0
 365 021c E3A010FF 		bl	spi0_send_byte
 366              		.loc 1 141 0
 367 0220 BA000002 		and	r0, r4, #255
 368              		bl	uart0_send_byte
 369 0224 EBFFFFFE 	.L55:
 370              		.loc 1 143 0
 371 0228 E20400FF 		ldr	r3, [r5, #-3979]
 372 022c EBFFFFFE 		tst	r3, #2
 373              		.loc 1 147 0
 374              		mov	r1, #255
 375 0230 E5153F8B 		.loc 1 143 0
 376 0234 E3130002 		beq	.L57
 377              		.loc 1 145 0
 378 0238 E3A010FF 		mov	r3, #0
 379              		str	r3, [r5, #-3979]
 380 023c 0AFFFFF0 		.loc 1 146 0
 381              		ldr	r4, [r5, #-3983]
 382 0240 E3A03000 	.LVL14:
 383 0244 E5053F8B 		.loc 1 147 0
 384              		mov	r0, r4
 385 0248 E5154F8F 	.LVL15:
 386              		.loc 1 148 0
 387              		and	r4, r4, #255
 388 024c E1A00004 		.loc 1 147 0
 389              		bl	spi0_send_byte
 390              	.LVL16:
 391 0250 E20440FF 		.loc 1 148 0
 392              		mov	r0, r4
 393 0254 EBFFFFFE 		bl	uart0_send_byte
 394              		b	.L57
 395              	.L61:
 396 0258 E1A00004 		.align	2
 397 025c EBFFFFFE 	.L60:
 398 0260 EAFFFFE7 		.word	timeval
 399              		.word	timer0_isr
 400              	.LFE10:
 402 0264 00000000 		.comm	timeval,4,4
 403 0268 00000000 		.section	.debug_frame,"",%progbits
 404              	.Lframe0:
 405              		.4byte	.LECIE0-.LSCIE0
 406              	.LSCIE0:
 517              		.4byte	.LFB2-.Ltext0
DEFINED SYMBOLS
                            *ABS*:00000000 main.c
C:\Users\STNOLT~1\AppData\Local\Temp/ccMVaaaa.s:13     .text:00000000 timer0_isr
C:\Users\STNOLT~1\AppData\Local\Temp/ccMVaaaa.s:21     .text:00000000 $a
C:\Users\STNOLT~1\AppData\Local\Temp/ccMVaaaa.s:45     .text:00000034 $d
                            *COM*:00000004 timeval
C:\Users\STNOLT~1\AppData\Local\Temp/ccMVaaaa.s:51     .text:00000038 spi0_send_byte
C:\Users\STNOLT~1\AppData\Local\Temp/ccMVaaaa.s:59     .text:00000038 $a
C:\Users\STNOLT~1\AppData\Local\Temp/ccMVaaaa.s:83     .text:00000068 uart0_read_byte
C:\Users\STNOLT~1\AppData\Local\Temp/ccMVaaaa.s:105    .text:00000080 uart0_send_byte
C:\Users\STNOLT~1\AppData\Local\Temp/ccMVaaaa.s:131    .text:0000009c i2c0_send_byte
C:\Users\STNOLT~1\AppData\Local\Temp/ccMVaaaa.s:194    .text:00000114 enable_irq
C:\Users\STNOLT~1\AppData\Local\Temp/ccMVaaaa.s:215    .text:00000124 disable_irq
C:\Users\STNOLT~1\AppData\Local\Temp/ccMVaaaa.s:236    .text:00000134 delay
C:\Users\STNOLT~1\AppData\Local\Temp/ccMVaaaa.s:269    .text:00000164 main
C:\Users\STNOLT~1\AppData\Local\Temp/ccMVaaaa.s:402    .text:00000264 $d

NO UNDEFINED SYMBOLS
