
Memory Configuration

Name             Origin             Length             Attributes
ROM              0xfff00000         0x00000800         xr
RAM              0x00000000         0x00008000         xrw
*default*        0x00000000         0xffffffff

Linker script and memory map

LOAD build/storm_startup_code.o
LOAD main.o
LOAD c:/winarm/bin/../lib/gcc/arm-elf/4.1.1/../../../../arm-elf/lib/be\libc.a
LOAD c:/winarm/bin/../lib/gcc/arm-elf/4.1.1/../../../../arm-elf/lib/be\libm.a
LOAD c:/winarm/bin/../lib/gcc/arm-elf/4.1.1/../../../../arm-elf/lib/be\libc.a
LOAD c:/winarm/bin/../lib/gcc/arm-elf/4.1.1/be\libgcc.a
START GROUP
LOAD c:/winarm/bin/../lib/gcc/arm-elf/4.1.1/be\libgcc.a
LOAD c:/winarm/bin/../lib/gcc/arm-elf/4.1.1/../../../../arm-elf/lib/be\libg.a
LOAD c:/winarm/bin/../lib/gcc/arm-elf/4.1.1/../../../../arm-elf/lib/be\libc.a
END GROUP
                0x00004000                STACK_SIZE = 0x4000

.text           0x00000000      0xb30
 *storm_startup_code.o(.text)
 .text          0x00000000      0x290 build/storm_startup_code.o
                0x00000100                reset
                0x00000000                _boot
                0x00000050                _mainCRTStartup
                0x00000100                abort
                0x00000050                _start
                0x00000100                _reset
                0x00000100                exit
                0x00000050                start
 *(.text)
 .text          0x00000290      0x854 main.o
                0x00000958                io_spi0_disable
                0x000008d4                io_set_gpio0_pin
                0x00000ab8                io_toggle_gpio0_pin
                0x00000a9c                io_set_gpio0_port
                0x00000708                io_clr_gpio0_pin
                0x0000091c                io_i2c0_speed
                0x0000098c                io_spi0_speed
                0x00000538                get_adc
                0x000005d8                uart0_scanf
                0x00000360                io_spi0_enable
                0x00000318                io_spi0_trans
                0x00000774                io_i2c0_byte_transfer
                0x00000464                set_syscpreg
                0x00000628                uart0_print_buffer
                0x000005a0                uart0_printf
                0x00000678                main
                0x000004c8                long_to_hex_string
                0x00000a0c                io_set_pwm
                0x00000764                io_disable_irq
                0x00000578                delay
                0x0000038c                get_syscpreg
                0x00000290                io_uart0_read_byte
                0x000002e4                io_spi0_config
                0x000002b8                io_uart0_send_byte
                0x0000073c                io_read_gpio0_pin
                0x000004b8                io_enable_irq
                0x00000900                io_read_gpio0_port
                0x0000064c                timer0_isr
                0x000009a8                io_get_pwm
 *(.rodata)
 *(.rodata*)
 .rodata.str1.4
                0x00000ae4       0x4c main.o
 *(.glue_7)
 .glue_7        0x00000b30        0x0 build/storm_startup_code.o
 .glue_7        0x00000b30        0x0 main.o
 *(.glue_7t)
 .glue_7t       0x00000b30        0x0 build/storm_startup_code.o
 .glue_7t       0x00000b30        0x0 main.o
                0x00000b30                . = ALIGN (0x4)
                0x00000b30                _etext = .
                0x00000b30                PROVIDE (etext, .)

.data           0x00000b30        0x0
                0x00000b30                _data = .
 *(.data)
 .data          0x00000b30        0x0 build/storm_startup_code.o
 .data          0x00000b30        0x0 main.o
                0x00000b30                . = ALIGN (0x4)
                0x00000b30                _edata = .
                0x00000b30                PROVIDE (edata, .)

.bss            0x00000b30        0x0
                0x00000b30                __bss_start = .
                0x00000b30                __bss_start__ = .
 *(.bss)
 .bss           0x00000b30        0x0 build/storm_startup_code.o
 .bss           0x00000b30        0x0 main.o
 *(COMMON)
                0x00000b30                . = ALIGN (0x4)
                0x00000b30                . = ALIGN (0x4)
                0x00000b30                __bss_end__ = .
                0x00000b30                PROVIDE (__bss_end, .)

.stack          0x00000c00     0x4000
                0x00004c00                . = (. + STACK_SIZE)
 *fill*         0x00000c00     0x4000 00
                0x00004c00                PROVIDE (_stack, .)
                0x00004c00                _end = .
                0x00004c00                PROVIDE (end, .)

.stab
 *(.stab)

.stabstr
 *(.stabstr)

.stab.excl
 *(.stab.excl)

.stab.exclstr
 *(.stab.exclstr)

.stab.index
 *(.stab.index)

.stab.indexstr
 *(.stab.indexstr)

.comment        0x00000000       0x1b
 *(.comment)
 .comment       0x00000000       0x1b main.o

.debug
 *(.debug)

.line
 *(.line)

.debug_srcinfo
 *(.debug_srcinfo)

.debug_sfnames
 *(.debug_sfnames)

.debug_aranges  0x00000000       0x40
 *(.debug_aranges)
 .debug_aranges
                0x00000000       0x20 build/storm_startup_code.o
 .debug_aranges
                0x00000020       0x20 main.o

.debug_pubnames
                0x00000000      0x231
 *(.debug_pubnames)
 .debug_pubnames
                0x00000000      0x231 main.o

.debug_info     0x00000000      0xe26
 *(.debug_info .gnu.linkonce.wi.*)
 .debug_info    0x00000000       0x98 build/storm_startup_code.o
 .debug_info    0x00000098      0xd8e main.o

.debug_abbrev   0x00000000      0x284
 *(.debug_abbrev)
 .debug_abbrev  0x00000000       0x14 build/storm_startup_code.o
 .debug_abbrev  0x00000014      0x270 main.o

.debug_line     0x00000000      0x3d7
 *(.debug_line)
 .debug_line    0x00000000       0xeb build/storm_startup_code.o
 .debug_line    0x000000eb      0x2ec main.o

.debug_frame    0x00000000      0x240
 *(.debug_frame)
 .debug_frame   0x00000000      0x240 main.o

.debug_str      0x00000000      0x2df
 *(.debug_str)
 .debug_str     0x00000000      0x2df main.o
                                0x31a (size before relaxing)

.debug_loc      0x00000000      0x6f4
 *(.debug_loc)
 .debug_loc     0x00000000      0x6f4 main.o

.debug_macinfo
 *(.debug_macinfo)

.debug_weaknames
 *(.debug_weaknames)

.debug_funcnames
 *(.debug_funcnames)

.debug_typenames
 *(.debug_typenames)

.debug_varnames
 *(.debug_varnames)
OUTPUT(main.elf elf32-bigarm)

.debug_ranges   0x00000000       0x30
 .debug_ranges  0x00000000       0x30 main.o

Cross Reference Table

Symbol                                            File
__bss_end__                                       build/storm_startup_code.o
__bss_start                                       build/storm_startup_code.o
_boot                                             build/storm_startup_code.o
_data                                             build/storm_startup_code.o
_edata                                            build/storm_startup_code.o
_etext                                            build/storm_startup_code.o
_mainCRTStartup                                   build/storm_startup_code.o
_reset                                            build/storm_startup_code.o
_stack                                            build/storm_startup_code.o
_start                                            build/storm_startup_code.o
abort                                             build/storm_startup_code.o
delay                                             main.o
exit                                              build/storm_startup_code.o
get_adc                                           main.o
get_syscpreg                                      main.o
io_clr_gpio0_pin                                  main.o
io_disable_irq                                    main.o
io_enable_irq                                     main.o
io_get_pwm                                        main.o
io_i2c0_byte_transfer                             main.o
io_i2c0_speed                                     main.o
io_read_gpio0_pin                                 main.o
io_read_gpio0_port                                main.o
io_set_gpio0_pin                                  main.o
io_set_gpio0_port                                 main.o
io_set_pwm                                        main.o
io_spi0_config                                    main.o
io_spi0_disable                                   main.o
io_spi0_enable                                    main.o
io_spi0_speed                                     main.o
io_spi0_trans                                     main.o
io_toggle_gpio0_pin                               main.o
io_uart0_read_byte                                main.o
io_uart0_send_byte                                main.o
long_to_hex_string                                main.o
main                                              main.o
                                                  build/storm_startup_code.o
reset                                             build/storm_startup_code.o
set_syscpreg                                      main.o
start                                             build/storm_startup_code.o
timer0_isr                                        main.o
uart0_print_buffer                                main.o
uart0_printf                                      main.o
uart0_scanf                                       main.o
