
Memory Configuration

Name             Origin             Length             Attributes
ROM              0xfff00000         0x00000800         xr
RAM              0x00000000         0x00002000         rw
*default*        0x00000000         0xffffffff

Linker script and memory map

LOAD build/storm_startup_code.o
LOAD main.o
LOAD c:/winarm/bin/../lib/gcc/arm-elf/4.1.1/../../../../arm-elf/lib/be\libc.a
LOAD c:/winarm/bin/../lib/gcc/arm-elf/4.1.1/../../../../arm-elf/lib/be\libm.a
LOAD c:/winarm/bin/../lib/gcc/arm-elf/4.1.1/../../../../arm-elf/lib/be\libc.a
LOAD c:/winarm/bin/../lib/gcc/arm-elf/4.1.1/be\libgcc.a
START GROUP
LOAD c:/winarm/bin/../lib/gcc/arm-elf/4.1.1/be\libgcc.a
LOAD c:/winarm/bin/../lib/gcc/arm-elf/4.1.1/../../../../arm-elf/lib/be\libg.a
LOAD c:/winarm/bin/../lib/gcc/arm-elf/4.1.1/../../../../arm-elf/lib/be\libc.a
END GROUP
                0x00002000                STACK_SIZE = 0x2000

.text           0xfff00000      0x52c
 *storm_startup_code.o(.text)
 .text          0xfff00000      0x15c build/storm_startup_code.o
                0xfff0013c                reset
                0xfff00000                _boot
                0xfff00050                _mainCRTStartup
                0xfff0013c                abort
                0xfff00050                _start
                0xfff0013c                _reset
                0xfff0013c                exit
                0xfff00050                start
 *(.text)
 .text          0xfff0015c      0x2d0 main.o
                0xfff00258                program_loader
                0xfff0021c                jump_app
                0xfff00174                uart0_send_byte
                0xfff0015c                uart0_read_byte
                0xfff00190                uart0_printf
                0xfff001c8                mem_dump
                0xfff002e4                main
 *(.rodata)
 *(.rodata*)
 .rodata.str1.4
                0xfff0042c      0x100 main.o
 *(.glue_7)
 .glue_7        0xfff0052c        0x0 build/storm_startup_code.o
 .glue_7        0xfff0052c        0x0 main.o
 *(.glue_7t)
 .glue_7t       0xfff0052c        0x0 build/storm_startup_code.o
 .glue_7t       0xfff0052c        0x0 main.o
                0xfff0052c                . = ALIGN (0x4)

.ctors          0xfff0052c        0x0
                0xfff0052c                PROVIDE (__ctors_start__, .)
 *(SORT(.ctors.*))
 *(.ctors)
                0xfff0052c                PROVIDE (__ctors_end__, .)

.dtors          0xfff0052c        0x0
                0xfff0052c                PROVIDE (__dtors_start__, .)
 *(SORT(.dtors.*))
 *(.dtors)
                0xfff0052c                PROVIDE (__dtors_end__, .)
                0xfff0052c                . = ALIGN (0x4)
                0xfff0052c                _etext = .
                0xfff0052c                PROVIDE (etext, .)

.data           0x00000000        0x0 load address 0xfff0052c
                0x00000000                _data = .
 *(.data)
 .data          0x00000000        0x0 build/storm_startup_code.o
 .data          0x00000000        0x0 main.o
                0x00000000                . = ALIGN (0x4)
                0x00000000                _edata = .
                0x00000000                PROVIDE (edata, .)

.bss            0x00000000        0x0
                0x00000000                __bss_start = .
                0x00000000                __bss_start__ = .
 *(.bss)
 .bss           0x00000000        0x0 build/storm_startup_code.o
 .bss           0x00000000        0x0 main.o
 *(COMMON)
                0x00000000                . = ALIGN (0x4)
                0x00000000                . = ALIGN (0x4)
                0x00000000                __bss_end__ = .
                0x00000000                PROVIDE (__bss_end, .)

.stack          0x00000000     0x2000
                0x00000000                . = ALIGN (0x100)
                0x00002000                . = (. + STACK_SIZE)
 *fill*         0x00000000     0x2000 00
                0x00002000                PROVIDE (_stack, .)
                0x00002000                _end = .
                0x00002000                PROVIDE (end, .)

.stab
 *(.stab)

.stabstr
 *(.stabstr)

.stab.excl
 *(.stab.excl)

.stab.exclstr
 *(.stab.exclstr)

.stab.index
 *(.stab.index)

.stab.indexstr
 *(.stab.indexstr)

.comment        0x00000000       0x1b
 *(.comment)
 .comment       0x00000000       0x1b main.o

.debug
 *(.debug)

.line
 *(.line)

.debug_srcinfo
 *(.debug_srcinfo)

.debug_sfnames
 *(.debug_sfnames)

.debug_aranges  0x00000000       0x40
 *(.debug_aranges)
 .debug_aranges
                0x00000000       0x20 build/storm_startup_code.o
 .debug_aranges
                0x00000020       0x20 main.o

.debug_pubnames
                0x00000000       0x81
 *(.debug_pubnames)
 .debug_pubnames
                0x00000000       0x81 main.o

.debug_info     0x00000000      0x271
 *(.debug_info .gnu.linkonce.wi.*)
 .debug_info    0x00000000       0x92 build/storm_startup_code.o
 .debug_info    0x00000092      0x1df main.o

.debug_abbrev   0x00000000      0x11d
 *(.debug_abbrev)
 .debug_abbrev  0x00000000       0x14 build/storm_startup_code.o
 .debug_abbrev  0x00000014      0x109 main.o

.debug_line     0x00000000      0x167
 *(.debug_line)
 .debug_line    0x00000000       0x99 build/storm_startup_code.o
 .debug_line    0x00000099       0xce main.o

.debug_frame    0x00000000       0xb8
 *(.debug_frame)
 .debug_frame   0x00000000       0xb8 main.o

.debug_str      0x00000000      0x10e
 *(.debug_str)
 .debug_str     0x00000000      0x10e main.o

.debug_loc      0x00000000      0x1b7
 *(.debug_loc)
 .debug_loc     0x00000000      0x1b7 main.o

.debug_macinfo
 *(.debug_macinfo)

.debug_weaknames
 *(.debug_weaknames)

.debug_funcnames
 *(.debug_funcnames)

.debug_typenames
 *(.debug_typenames)

.debug_varnames
 *(.debug_varnames)
OUTPUT(main.elf elf32-bigarm)

Cross Reference Table

Symbol                                            File
__bss_end__                                       build/storm_startup_code.o
__bss_start                                       build/storm_startup_code.o
_boot                                             build/storm_startup_code.o
_data                                             build/storm_startup_code.o
_edata                                            build/storm_startup_code.o
_etext                                            build/storm_startup_code.o
_mainCRTStartup                                   build/storm_startup_code.o
_reset                                            build/storm_startup_code.o
_stack                                            build/storm_startup_code.o
_start                                            build/storm_startup_code.o
abort                                             build/storm_startup_code.o
exit                                              build/storm_startup_code.o
jump_app                                          main.o
main                                              main.o
                                                  build/storm_startup_code.o
mem_dump                                          main.o
program_loader                                    main.o
reset                                             build/storm_startup_code.o
start                                             build/storm_startup_code.o
uart0_printf                                      main.o
uart0_read_byte                                   main.o
uart0_send_byte                                   main.o
